
> st-anton-expedition@1.0.0 build
> next build

   ▲ Next.js 14.0.4

   Creating an optimized production build ...
 ✓ Compiled successfully
   Linting and checking validity of types ...
   Collecting page data ...
   Generating static pages (0/4) ...
   Generating static pages (1/4) 
   Generating static pages (2/4) 
   Generating static pages (3/4) 
 ✓ Generating static pages (4/4) 
   Finalizing page optimization ...
   Collecting build traces ...

Route (app)                              Size     First Load JS
┌ ○ /                                    96.6 kB         179 kB
└ ○ /_not-found                          875 B          82.9 kB
+ First Load JS shared by all            82 kB
  ├ chunks/938-e0425365fddc1dec.js       26.8 kB
  ├ chunks/fd9d1056-37315e7158bfc252.js  53.3 kB
  ├ chunks/main-app-07fda2a5a90d5f2b.js  222 B
  └ chunks/webpack-b483a239a4fe208d.js   1.68 kB


○  (Static)  prerendered as static content

